// Jest Snapshot v1, https://goo.gl/fbAQLP

exports[`GIFPlayerComponent Test renders GIFPlayerComponent  1`] = `""`;
